[student@training1 ds1]$ ./bin/ldapmodify -p 1189 -D "cn=directory manager" -w password -a <<+
> dn: uid=helpdesk,dc=example,dc=com
> objectClass: person
> objectClass: inetOrgPerson
> objectClass: organizationalPerson
> objectClass: top
> givenName: Help
> uid: helpdesk
> cn: Help Desk
> sn: Desk
> userPassword: password
> +
# Processing ADD request for uid=helpdesk,dc=example,dc=com
# ADD operation successful for DN uid=helpdesk,dc=example,dc=com
[student@training1 ds1]$ ./bin/ldapmodify -p 1189 -D "cn=directory manager" -w password -a <<+
> dn: dc=example,dc=com
> changetype: modify
> add: aci
> aci: (targetattr="userpassword")(version 3.0;
>  acl "Grant admin access for password changes";
>  allow (all) userdn="ldap:///uid=helpdesk,dc=example,dc=com";)
> +

# Processing MODIFY request for dc=example,dc=com
# MODIFY operation successful for DN dc=example,dc=com
[student@training1 ds1]$ 
[student@training1 ds1]$ ./bin/ldapsearch -p 1189 -D "cn=Directory Manager" -w password \
>     -b dc=example,dc=com "(uid=helpdesk)"
dn: uid=helpdesk,dc=example,dc=com
objectClass: top
objectClass: person
objectClass: organizationalPerson
objectClass: inetOrgPerson
sn: Desk
cn: Help Desk
givenName: Help
userPassword: {SSHA}OOeNKXULAeSjwU1t6rXuD/fCnA1WP7qVF05Lqw==
uid: helpdesk

[student@training1 ds1]$ ./bin/ldapsearch -p 1189 -D "cn=Directory Manager" -w password \
>     -b dc=example,dc=com -s base "(aci=*)" aci
dn: dc=example,dc=com
aci: (targetattr!="userPassword")(version 3.0; acl "Allow anonymous read access 
 for anyone"; allow (read,search,compare) userdn="ldap:///anyone";)
aci: (targetattr="*")(version 3.0; acl "Allow users to update their own entries"
 ; allow (write) userdn="ldap:///self";)
aci: (targetattr="*")(version 3.0; acl "Grant full access for the admin user"; a
 llow (all) userdn="ldap:///uid=admin,dc=example,dc=com";)
aci: (targetattr="userpassword")(version 3.0;acl "Grant admin access for passwor
 d changes";allow (all) userdn="ldap:///uid=helpdesk,dc=example,dc=com";)

[student@training1 ds1]$ 
[student@training1 ds1]$ ./bin/ldapmodify -p 1189 -D "cn=directory manager" -w password -a <<+
> dn: uid=helpdesk,dc=example,dc=com
> changetype: modify
> add: ds-privilege-name
> ds-privilege-name: password-reset
> +
# Processing MODIFY request for uid=helpdesk,dc=example,dc=com
# MODIFY operation successful for DN uid=helpdesk,dc=example,dc=com
[student@training1 ds1]$ ./bin/ldappasswordmodify -p 1189 \
> -D "uid=helpdesk,dc=example,dc=com" \
> -w password \
> --authzID dn:uid=user.1,ou=people,dc=example,dc=com \
> --newPassword test123
The LDAP password modify operation was successful
[student@training1 ds1]$ ./bin/ldappasswordmodify -p 1189 \
> -D "uid=user.1,ou=people,dc=example,dc=com" \
> -w test123 \
> --authzID dn:uid=user.2,ou=people,dc=example,dc=com \
> --newPassword test123
The LDAP password modify operation failed with result code 50
Error Message:  You do not have sufficient privileges to perform password reset operations
[student@training1 ds1]$ 
